// Jest Snapshot v1, https://goo.gl/fbAQLP

exports[`should render <MessageContainer /> and compare with snapshot 1`] = `
<View
  style={
    [
      {
        "flexGrow": 1,
        "justifyContent": "flex-start",
      },
      {
        "flex": 1,
      },
    ]
  }
>
  <View
    collapsable={false}
    onLayout={[Function]}
    style={
      {
        "flex": 1,
        "overflow": "hidden",
      }
    }
  >
    <RCTScrollView
      automaticallyAdjustContentInsets={false}
      collapsable={false}
      keyExtractor={[Function]}
      maintainVisibleContentPosition={
        {
          "autoscrollToBottomThreshold": 0.2,
          "minIndexForVisible": 0,
          "startRenderingFromBottom": true,
        }
      }
      onEndReached={[Function]}
      onEndReachedThreshold={0.1}
      onLayout={[Function]}
      onScroll={[Function]}
      scrollEventThrottle={16}
      style={{}}
    >
      <View>
        <View
          style={
            {
              "height": 0,
              "left": 0,
              "position": "absolute",
              "top": 1000000,
            }
          }
        />
        <View />
        <View
          style={
            {
              "height": 0,
              "width": undefined,
            }
          }
        />
        <View
          style={false}
        />
        <View
          style={
            {
              "flex": 1,
            }
          }
        />
      </View>
    </RCTScrollView>
  </View>
</View>
`;
